{
  "version": "1.5.0",
  "plugins_used": [
    {
      "name": "ArtifactoryDetector"
    },
    {
      "name": "AWSKeyDetector"
    },
    {
      "name": "AzureStorageKeyDetector"
    },
    {
      "name": "Base64HighEntropyString",
      "limit": 4.5
    },
    {
      "name": "BasicAuthDetector"
    },
    {
      "name": "CloudantDetector"
    },
    {
      "name": "DiscordBotTokenDetector"
    },
    {
      "name": "GitHubTokenDetector"
    },
    {
      "name": "GitLabTokenDetector"
    },
    {
      "name": "HexHighEntropyString",
      "limit": 3.0
    },
    {
      "name": "IbmCloudIamDetector"
    },
    {
      "name": "IbmCosHmacDetector"
    },
    {
      "name": "IPPublicDetector"
    },
    {
      "name": "JwtTokenDetector"
    },
    {
      "name": "KeywordDetector",
      "keyword_exclude": ""
    },
    {
      "name": "MailchimpDetector"
    },
    {
      "name": "NpmDetector"
    },
    {
      "name": "OpenAIDetector"
    },
    {
      "name": "PrivateKeyDetector"
    },
    {
      "name": "PypiTokenDetector"
    },
    {
      "name": "SendGridDetector"
    },
    {
      "name": "SlackDetector"
    },
    {
      "name": "SoftlayerDetector"
    },
    {
      "name": "SquareOAuthDetector"
    },
    {
      "name": "StripeDetector"
    },
    {
      "name": "TelegramBotTokenDetector"
    },
    {
      "name": "TwilioKeyDetector"
    }
  ],
  "filters_used": [
    {
      "path": "detect_secrets.filters.allowlist.is_line_allowlisted"
    },
    {
      "path": "detect_secrets.filters.common.is_baseline_file",
      "filename": ".secrets.baseline"
    },
    {
      "path": "detect_secrets.filters.common.is_ignored_due_to_verification_policies",
      "min_level": 2
    },
    {
      "path": "detect_secrets.filters.heuristic.is_indirect_reference"
    },
    {
      "path": "detect_secrets.filters.heuristic.is_likely_id_string"
    },
    {
      "path": "detect_secrets.filters.heuristic.is_lock_file"
    },
    {
      "path": "detect_secrets.filters.heuristic.is_not_alphanumeric_string"
    },
    {
      "path": "detect_secrets.filters.heuristic.is_potential_uuid"
    },
    {
      "path": "detect_secrets.filters.heuristic.is_prefixed_with_dollar_sign"
    },
    {
      "path": "detect_secrets.filters.heuristic.is_sequential_string"
    },
    {
      "path": "detect_secrets.filters.heuristic.is_swagger_file"
    },
    {
      "path": "detect_secrets.filters.heuristic.is_templated_secret"
    }
  ],
  "results": {
    "README.md": [
      {
        "type": "Basic Auth Credentials",
        "filename": "README.md",
        "hashed_secret": "9d4e1e23bd5b727046a9e3b4b7db57bd8d6ee684",
        "is_verified": false,
        "line_number": 249
      }
    ],
    "backend/migrations/versions/0cc367f7e2df_add_suggestion_clicks_table.py": [
      {
        "type": "Hex High Entropy String",
        "filename": "backend/migrations/versions/0cc367f7e2df_add_suggestion_clicks_table.py",
        "hashed_secret": "fc29057dc209e2bbfb619285b735431b7bdf6c97",
        "is_verified": false,
        "line_number": 15
      }
    ],
    "backend/migrations/versions/2a4d5c1b6f2c_drop_unused_planner_inputs.py": [
      {
        "type": "Hex High Entropy String",
        "filename": "backend/migrations/versions/2a4d5c1b6f2c_drop_unused_planner_inputs.py",
        "hashed_secret": "44c7bbff193fdc17a144b2477e54f0a5720288c7",
        "is_verified": false,
        "line_number": 9
      }
    ],
    "backend/migrations/versions/46379117fccb_drop_user_id_from_tile_clicks.py": [
      {
        "type": "Hex High Entropy String",
        "filename": "backend/migrations/versions/46379117fccb_drop_user_id_from_tile_clicks.py",
        "hashed_secret": "576c13c23a991048fec68a4d98d78c9e254f5841",
        "is_verified": false,
        "line_number": 16
      }
    ],
    "backend/migrations/versions/5d9c7b4d3a10_merge_planner_cleanup_and_chat_messages.py": [
      {
        "type": "Hex High Entropy String",
        "filename": "backend/migrations/versions/5d9c7b4d3a10_merge_planner_cleanup_and_chat_messages.py",
        "hashed_secret": "19f1e616253e1338d3cd7f703dd85d828b2b2865",
        "is_verified": false,
        "line_number": 6
      }
    ],
    "backend/migrations/versions/5f2c5416d5c3_tile_click_nullable_and_session_token.py": [
      {
        "type": "Hex High Entropy String",
        "filename": "backend/migrations/versions/5f2c5416d5c3_tile_click_nullable_and_session_token.py",
        "hashed_secret": "27fea58b1921e632198ef306ee31c2a5597313f7",
        "is_verified": false,
        "line_number": 14
      }
    ],
    "backend/migrations/versions/817b72698e5b_add_unsplash_image_cache_table.py": [
      {
        "type": "Hex High Entropy String",
        "filename": "backend/migrations/versions/817b72698e5b_add_unsplash_image_cache_table.py",
        "hashed_secret": "4b2b39562892fd202d12d4645cc8e9bddaed9060",
        "is_verified": false,
        "line_number": 15
      }
    ],
    "backend/migrations/versions/8ef3b6a8e5c1_trip_context_parents_and_session_prefs.py": [
      {
        "type": "Hex High Entropy String",
        "filename": "backend/migrations/versions/8ef3b6a8e5c1_trip_context_parents_and_session_prefs.py",
        "hashed_secret": "e2a95c5512138e346740b731579d9da27a6333d2",
        "is_verified": false,
        "line_number": 14
      }
    ],
    "backend/migrations/versions/add_variant_to_unsplash_cache.py": [
      {
        "type": "Hex High Entropy String",
        "filename": "backend/migrations/versions/add_variant_to_unsplash_cache.py",
        "hashed_secret": "ef678205593788329ff416ce5c65fa04f33a05bd",
        "is_verified": false,
        "line_number": 15
      }
    ],
    "backend/migrations/versions/ae0f06f2c384_remove_legacy_tables.py": [
      {
        "type": "Hex High Entropy String",
        "filename": "backend/migrations/versions/ae0f06f2c384_remove_legacy_tables.py",
        "hashed_secret": "8bee567a80ae291e4ecb199564d629b9510bf838",
        "is_verified": false,
        "line_number": 15
      }
    ],
    "backend/migrations/versions/c1f8e8bf9d21_chat_messages_table.py": [
      {
        "type": "Hex High Entropy String",
        "filename": "backend/migrations/versions/c1f8e8bf9d21_chat_messages_table.py",
        "hashed_secret": "4d4b868d3a6edc21591f2825d08646618bc12620",
        "is_verified": false,
        "line_number": 14
      }
    ]
  },
  "generated_at": "2026-07-28T08:02:21Z"
}
